2021-08-09T20:19:14.846Z [RTM] [32minfo[39m: Skipping network creation. Observe that all external IO operations will yield a runtime error.
{secret}@{secret}%{}
>>> Main thread finished with value: ()@{secret}%{secret}
