2021-08-09T20:19:04.968Z [RTM] [32minfo[39m: Skipping network creation. Observe that all external IO operations will yield a runtime error.
>>> Main thread finished with value: ()@{}%{}
((1, "<local>"), (3, "<local>"))
