2020-06-04T09:12:51.001Z [RTM] [32minfo[39m: Skipping network creation. Observe that all external IO operations will yield a runtime error.
>>> Main thread finished with value: (2@{secret}%{}, <sandboxkont>@{secret}%{secret})@{}%{}
