2021-05-13T16:05:05.410Z [RTM] [32minfo[39m: Skipping network creation. Observe that all external IO operations will yield a runtime error.
>>> Main thread finished with value: 0@{}%{}
[33mWarning: runtime exception in the handler or sandbox: value "" is not a number[39m
