2021-05-12T14:25:14.201Z [RTM] [32minfo[39m: Skipping network creation. Observe that all external IO operations will yield a runtime error.
[31mRuntime error in thread 64c7756f-7419-4168-ab79-92285be8e295@{}%{}[39m
[31m>> value () is not a number[39m
