2023-03-17T21:23:22.318Z [RTM] [32minfo[39m: Skipping network creation. Observe that all external IO operations will yield a runtime error.
Runtime error in thread 6008575b-acc0-46fe-8c15-0e20ab5ed853@{}%{}
>> value "" is not a number
