2021-05-12T14:23:48.807Z [RTM] [32minfo[39m: Skipping network creation. Observe that all external IO operations will yield a runtime error.
[31mRuntime error in thread 0b328638-cdbf-4949-bd97-2a243e49dad2@{}%{}[39m
[31m>> value 1 is not a string[39m
