2023-03-17T21:23:22.292Z [RTM] [32minfo[39m: Skipping network creation. Observe that all external IO operations will yield a runtime error.
>>> Main thread finished with value: ()@{}%{}
Runtime error in thread 35e14f9f-1293-490e-b4f0-f1dff9813dc9@{}%{}
>> pattern match failure in case expression at :2:23
