2023-03-17T21:23:22.233Z [RTM] [32minfo[39m: Skipping network creation. Observe that all external IO operations will yield a runtime error.
Runtime error in thread adba5c4b-28c3-4043-9c0a-3efea9e4aa51@{}%{}
>> Provided authority is not TOP
 | level of the provided authority: {alice}
