2023-03-17T21:23:22.609Z [RTM] [32minfo[39m: Skipping network creation. Observe that all external IO operations will yield a runtime error.
Runtime error in thread 18d42f62-19ef-4c64-a857-c559ebae7735@{}%{}
>> pattern match failure in function isTwo at :2:9
