2023-03-17T21:23:22.520Z [RTM] [32minfo[39m: Skipping network creation. Observe that all external IO operations will yield a runtime error.
Runtime error in thread c5a428e0-e32d-4d93-b63f-6a2c31250ac8@{}%{}
>> value <basefun:self>@{}%{} is not a process id
