2023-03-17T21:23:22.583Z [RTM] [32minfo[39m: Skipping network creation. Observe that all external IO operations will yield a runtime error.
"Hello"
"World"
Runtime error in thread 7e641f7a-6f19-4032-9e0a-dbdb2da6dd70@{}%{}
>> value () is not a number
