2021-06-12T11:46:58.515Z [RTM] [32minfo[39m: Skipping network creation. Observe that all external IO operations will yield a runtime error.
1
[31mRuntime error in thread e49a2325-6bb6-4bff-b9ea-db9894c1f801@{}%{}[39m
[31m>> Unserializable object: <sandboxkont>@{}%{}[39m
