2023-03-17T21:23:23.789Z [RTM] [32minfo[39m: Skipping network creation. Observe that all external IO operations will yield a runtime error.
>>> Main thread finished with value: c89a969d-7152-472f-9a21-1365ce7b2143@{secret}%{secret}
Runtime error in thread c89a969d-7152-472f-9a21-1365ce7b2143@{secret}%{secret}
>> Illegal flow in adv function:
 |    pc: {secret}
 | block: {secret}
 | value: 1@{secret}%{secret}
