2023-03-17T21:23:23.170Z [RTM] [32minfo[39m: Skipping network creation. Observe that all external IO operations will yield a runtime error.
Runtime error in thread 00998100-5f9b-4a3d-82f9-fe52a0ffd5a3@{}%{}
>> Illegal flow in adv function:
 |    pc: {#TOP}
 | block: {#TOP}
 | value: 10@{}%{}
