2023-07-13T15:34:17.107Z [RTM] [32minfo[39m: Skipping network creation. Observe that all external IO operations will yield a runtime error.
>>> Main thread finished with value: (false@{}%{}, true@{}%{}, true@{}%{}, false@{}%{}, true@{}%{}, true@{}%{}, false@{}%{}, true@{}%{}, true@{}%{}, false@{}%{})@{}%{}
