2020-03-03T22:59:26.210Z [RTM] [32minfo[39m: Skipping network creation. Observe that all external IO operations will yield a runtime error.
(0.5, 0.75, 2, 1)
(3, 2, 2)
(2, 1, 2)
>>> Main thread finished with value: ()@{}%{}
