2024-02-14T11:33:36.263Z [RTM] [32minfo[39m: Skipping network creation. Observe that all external IO operations will yield a runtime error.
Runtime error in thread b541a94b-6099-44dd-b9da-f410ab5b1e01@{}%{}
>> pattern match failure in case expression at :2:3
