2020-03-03T23:40:52.306Z [RTM] [32minfo[39m: Skipping network creation. Observe that all external IO operations will yield a runtime error.
>>> Main thread finished with value: (true@{}%{}, true@{}%{}, true@{}%{}, true@{}%{}, true@{}%{})@{}%{}
