2020-10-16T12:42:50.160Z [RTM] [32minfo[39m: Skipping network creation. Observe that all external IO operations will yield a runtime error.
>>> Main thread finished with value: ("Hello"@{}%{}, 52@{}%{})@{}%{}
