2021-08-09T20:18:45.650Z [RTM] [32minfo[39m: Skipping network creation. Observe that all external IO operations will yield a runtime error.
>>> Main thread finished with value: ()@{}%{}
1@{}%{}
