2024-02-14T11:34:02.654Z [RTM] [32minfo[39m: Skipping network creation. Observe that all external IO operations will yield a runtime error.
Runtime error in thread b84af998-b70c-4bd2-b9e2-be2e4e56529e@{}%{}
>> record {a=5@{}%{}, b=42@{}%{}, c=10@{}%{}} does not have field 'z'
