2020-10-16T12:42:55.597Z [RTM] [32minfo[39m: Skipping network creation. Observe that all external IO operations will yield a runtime error.
>>> Main thread finished with value: {x=10@{}%{}, y=0@{}%{}}@{}%{}
