2020-06-06T16:57:49.150Z [RTM] [32minfo[39m: Skipping network creation. Observe that all external IO operations will yield a runtime error.
()@{}%{}
true@{}%{}
>>> Main thread finished with value: ()@{}%{}
