2024-02-14T11:33:47.442Z [RTM] [32minfo[39m: Skipping network creation. Observe that all external IO operations will yield a runtime error.
Runtime error in thread cedf4195-9633-4fc3-a612-27c2364848c2@{}%{}
>> value 0 is not a tuple
