2024-02-14T11:33:56.513Z [RTM] [32minfo[39m: Skipping network creation. Observe that all external IO operations will yield a runtime error.
Runtime error in thread 5cb562cf-30ca-4a3d-aeda-16805f13a610@{}%{}
>> pattern match failure in case expression at :2:3
