2024-02-14T11:33:49.445Z [RTM] [32minfo[39m: Skipping network creation. Observe that all external IO operations will yield a runtime error.
Runtime error in thread d300cb00-f4c2-46e3-82eb-fe692175bd42@{}%{}
>> pattern match failure in case expression at :2:3
