2024-02-14T11:33:32.794Z [RTM] [32minfo[39m: Skipping network creation. Observe that all external IO operations will yield a runtime error.
Runtime error in thread 254f9e5c-4e54-4722-b875-91761bf88ddb@{}%{}
>> pattern match failure in case expression at :2:3
