2023-07-12T13:43:48.305Z [RTM] [32minfo[39m: Skipping network creation. Observe that all external IO operations will yield a runtime error.
>>> Main thread finished with value: 2@{}%{}
